// Jest Snapshot v1, https://goo.gl/fbAQLP

exports[`SearchFlowers Component renders correctly with provided props 1`] = `
<div
  className="search-holder"
  id="search"
>
  <div
    className="search-text-holder"
  >
    <h2
      className="discover-flowers"
    >
      Discover flowers around you
    </h2>
    <p
      className="explore-flowers"
    >
      Explore between more than 8.427 sightings
    </p>
  </div>
  <div
    className="search-input"
  >
    <input
      className="form-control"
      onChange={[Function]}
      placeholder="Looking for something specific?"
      type="text"
      value="Flowers"
    />
    <img
      alt="search"
      src="pl-icon-search.svg"
    />
  </div>
</div>
`;
